
========== Stage 15.3 Reproduce Core Results ==========
repo_root: /home/zanshi/robot-mpc-wbc-locomotion
log_file: results/logs_sample/stage15_3_reproduce_core_results.log
summary_file: results/logs_sample/stage15_3_reproduce_core_results_summary.txt
timestamp: 2026-06-18T11:11:56+08:00
git_head: 2962976
git_branch: main
python: Python 3.12.3
stage15_3_reproduce_core_results
repo_root: /home/zanshi/robot-mpc-wbc-locomotion
git_head: 2962976
git_branch: main

========== Git working tree ==========
?? results/logs_sample/stage15_3_reproduce_core_results.log
?? results/logs_sample/stage15_3_reproduce_core_results_summary.txt
?? scripts/stage15_3_reproduce_core_results.sh

========== Stage 15.2 repo hygiene audit ==========
command: bash scripts/stage15_2_repo_hygiene_audit.sh

========== Stage 15.2 Repo Hygiene Audit ==========
repo_root: /home/zanshi/robot-mpc-wbc-locomotion
log_file: results/logs_sample/stage15_2_repo_hygiene_audit.log

========== Git status ==========
current_branch: main
[PASS] current branch is main
origin_url: git@github.com:zanshi-dev/robot-mpc-wbc-locomotion.git
[PASS] origin remote matches expected GitHub SSH URL
[WARN] working tree has uncommitted changes
 M results/logs_sample/stage15_2_repo_hygiene_audit.log
?? results/logs_sample/stage15_3_reproduce_core_results.log
?? results/logs_sample/stage15_3_reproduce_core_results_summary.txt
?? scripts/stage15_3_reproduce_core_results.sh
local_head: 2962976
origin_main: 2690b18
[WARN] local HEAD differs from origin/main

========== Root file hygiene ==========
[PASS] no root-level backup/temp files found

========== Required top-level structure ==========
[PASS] exists: README.md
[PASS] exists: PROJECT_STATUS.md
[PASS] exists: docs
[PASS] exists: scripts
[PASS] exists: results/logs_sample
[PASS] exists: ros2_ws
[PASS] exists: ros2_ws/src
[PASS] exists: ros2_ws/src/robot_mpc_wbc_cpp_controller
[PASS] exists: ros2_ws/src/robot_mpc_wbc_bridge

========== Key documentation files ==========
[PASS] doc exists: docs/ONE_PAGE_TECHNICAL_REPORT.md
[PASS] doc exists: docs/REPORT_READY_RESULTS.md
[PASS] doc exists: docs/CONTROL_ARCHITECTURE_OVERVIEW.md
[PASS] doc exists: docs/WBC_QP_EXPLAINED.md
[PASS] doc exists: docs/CPP_CONTROL_ALGORITHMS.md
[PASS] doc exists: docs/FINAL_PACKAGE_WITH_DEMO_VIDEO_MANIFEST.md

========== Core scripts ==========
[PASS] script exists: scripts/stage14_4_base_velocity_tracking_mpc_demo.py
[PASS] script exists: scripts/stage14_4b_validate_base_velocity_mpc_rollout.py

========== ROS2 package files ==========
[PASS] bridge package.xml exists
[PASS] bridge appears to be an ament_python/Python ROS2 package; CMakeLists.txt not required
[PASS] C++ controller package.xml exists
[PASS] C++ controller CMakeLists.txt exists

========== C++ controller module structure ==========
[PASS] C++ path exists: ros2_ws/src/robot_mpc_wbc_cpp_controller/include
[PASS] C++ path exists: ros2_ws/src/robot_mpc_wbc_cpp_controller/src
[PASS] C++ path exists: ros2_ws/src/robot_mpc_wbc_cpp_controller/test
[PASS] C++ test file exists: ros2_ws/src/robot_mpc_wbc_cpp_controller/test/test_control_algorithms.cpp

========== CMake test integration check ==========
[PASS] C++ CMakeLists appears to contain test integration

========== ROS topic / executable naming check ==========
[PASS] ROS torque topic /go1/joint_torque_cmd found in ros2_ws/src
[PASS] disabled controller executable/name found
[PASS] mujoco_bridge_node found

========== Python import smoke check ==========
python_bin: /usr/bin/python3
[PASS] Python dependency smoke check passed

========== Summary ==========
warn_count: 2
fail_count: 0
stage15_2_result: pass
[PASS] Stage 15.2 repo hygiene audit
[PASS] Stage 15.2 repo hygiene audit

========== Stage 14.4 base velocity tracking MPC demo ==========
command: /usr/bin/python3 scripts/stage14_4_base_velocity_tracking_mpc_demo.py
{
  "all_force_and_state_values_finite": true,
  "config": {
    "dt": 0.02,
    "fz_max": 120.0,
    "fz_min": 5.0,
    "gait_half_period_steps": 10,
    "horizon": 20,
    "mass": 12.0,
    "mu": 0.6,
    "q_vx": 120.0,
    "q_vy": 80.0,
    "q_vz": 40.0,
    "q_z": 700.0,
    "r_force": 2e-05,
    "r_smooth": 0.0002,
    "rollout_steps": 100,
    "solver_eps_abs": 1e-07,
    "solver_eps_rel": 1e-07,
    "solver_max_iter": 10000,
    "total_fz_max": 240.0,
    "vx_ref": 0.35,
    "vy_ref": 0.0,
    "z_ref": 0.3
  },
  "contact_modes": [
    "FL_RR",
    "FR_RL"
  ],
  "control_law_changed": false,
  "description": "standalone simplified 3D base velocity tracking receding-horizon MPC demo",
  "dt": 0.02,
  "failed_checks": [],
  "final_vx": 0.34999999999476156,
  "final_vx_error_abs": 5.238420808240107e-12,
  "final_vy": 0.0,
  "final_z": 0.3003150964722505,
  "final_z_error_abs": 0.00031509647225053117,
  "hardware_deployment_completed": false,
  "horizon": 20,
  "initial_vx_error_abs": 0.35,
  "max_abs_vy": 0.0,
  "max_abs_z_error": 0.019999999999999962,
  "max_force_delta_norm": 130.19350284972353,
  "max_friction_violation": 0.0,
  "max_solve_time_s": 0.017032339999999997,
  "max_stance_fz": 78.94140647967987,
  "max_swing_force_norm": 1.8869763896238494e-09,
  "max_total_fz_violation": 0.0,
  "mean_abs_vx_error_last_20": 5.0427800823982235e-12,
  "mean_solve_time_s": 0.013865940459999998,
  "min_stance_fz": 45.62719635166584,
  "mixed_baseline_modified": false,
  "mujoco_torque_used": false,
  "pass": true,
  "rollout_csv": "results/logs_sample/stage14_4_base_velocity_tracking_mpc_rollout.csv",
  "ros_publisher_used": false,
  "simulation_only_project": true,
  "stage": "14.4A",
  "status_counts": {
    "solved": 100
  },
  "summary_json": "results/logs_sample/stage14_4_base_velocity_tracking_mpc_summary.json",
  "torque_enable_ready": false,
  "torque_publisher_enabled": false,
  "total_steps": 100
}
[PASS] Stage 14.4 base velocity tracking MPC demo
[PASS] Stage 14.4 base velocity tracking MPC demo

========== Stage 14.4b validate base velocity MPC rollout ==========
command: /usr/bin/python3 scripts/stage14_4b_validate_base_velocity_mpc_rollout.py
{
  "control_law_changed": false,
  "description": "independent validation of Stage 14.4A base velocity tracking MPC rollout",
  "expected_rollout_rows": 100,
  "failed_checks": [],
  "final_vx": 0.34999999999476156,
  "final_vx_error_abs": 5.238420808240107e-12,
  "final_vy": 0.0,
  "final_z": 0.3003150964722505,
  "final_z_error_abs": 0.00031509647225053117,
  "hardware_deployment_completed": false,
  "initial_vx_error_abs": 0.35,
  "input_rollout_csv": "results/logs_sample/stage14_4_base_velocity_tracking_mpc_rollout.csv",
  "input_summary_json": "results/logs_sample/stage14_4_base_velocity_tracking_mpc_summary.json",
  "max_abs_vy": 0.0,
  "max_abs_z_error": 0.019999999999999962,
  "max_force_delta_norm": 130.19350284972353,
  "max_friction_violation": 0.0,
  "max_solve_time_s": 0.017032339999999997,
  "max_stance_fz": 78.94140647967987,
  "max_swing_force_norm": 1.8869763896238494e-09,
  "max_total_fz_violation": 0.0,
  "min_stance_fz": 45.62719635166584,
  "missing_columns": [],
  "missing_source_patterns": [],
  "mixed_baseline_modified": false,
  "mujoco_torque_used": false,
  "pass": true,
  "rollout_rows": 100,
  "ros_publisher_used": false,
  "simulation_only_project": true,
  "source_receding_horizon_pattern_pass": true,
  "stage": "14.4B",
  "status_counts": {
    "solved": 100
  },
  "torque_enable_ready": false,
  "torque_publisher_enabled": false,
  "validation_csv": "results/logs_sample/stage14_4b_base_velocity_tracking_mpc_validation.csv",
  "validation_summary_json": "results/logs_sample/stage14_4b_base_velocity_tracking_mpc_validation_summary.json"
}
[PASS] Stage 14.4b validate base velocity MPC rollout
[PASS] Stage 14.4b validate base velocity MPC rollout

========== Stage 15.1 ROS2 C++ controller validation ==========
command: bash scripts/stage15_1_validate_ros2_cpp_controller.sh
[Stage 15.1] ROS2/C++ control algorithm package validation
repo_root: /home/zanshi/robot-mpc-wbc-locomotion
ros_setup: /opt/ros/jazzy/setup.bash
timestamp_utc: 2026-06-18T03:11:58Z

[1/3] colcon build
Starting >>> robot_mpc_wbc_cpp_controller
Finished <<< robot_mpc_wbc_cpp_controller [0.11s]

Summary: 1 package finished [0.20s]

[2/3] colcon test
Starting >>> robot_mpc_wbc_cpp_controller
UpdateCTestConfiguration  from :/home/zanshi/robot-mpc-wbc-locomotion/ros2_ws/build/robot_mpc_wbc_cpp_controller/CTestConfiguration.ini
Parse Config file:/home/zanshi/robot-mpc-wbc-locomotion/ros2_ws/build/robot_mpc_wbc_cpp_controller/CTestConfiguration.ini
   Site: zanshi-Legion-Y7000P-IAX10
   Build name: (empty)
 Add coverage exclude regular expressions.
Create new tag: 20260618-0311 - Experimental
UpdateCTestConfiguration  from :/home/zanshi/robot-mpc-wbc-locomotion/ros2_ws/build/robot_mpc_wbc_cpp_controller/CTestConfiguration.ini
Parse Config file:/home/zanshi/robot-mpc-wbc-locomotion/ros2_ws/build/robot_mpc_wbc_cpp_controller/CTestConfiguration.ini
Test project /home/zanshi/robot-mpc-wbc-locomotion/ros2_ws/build/robot_mpc_wbc_cpp_controller
Constructing a list of tests
Done constructing a list of tests
Updating test list for fixtures
Added 0 tests to meet fixture requirements
Checking test dependency graph...
Checking test dependency graph end
test 1
    Start 1: test_control_algorithms

1: Test command: /usr/bin/python3 "-u" "/opt/ros/jazzy/share/ament_cmake_test/cmake/run_test.py" "/home/zanshi/robot-mpc-wbc-locomotion/ros2_ws/build/robot_mpc_wbc_cpp_controller/test_results/robot_mpc_wbc_cpp_controller/test_control_algorithms.gtest.xml" "--package-name" "robot_mpc_wbc_cpp_controller" "--output-file" "/home/zanshi/robot-mpc-wbc-locomotion/ros2_ws/build/robot_mpc_wbc_cpp_controller/ament_cmake_gtest/test_control_algorithms.txt" "--command" "/home/zanshi/robot-mpc-wbc-locomotion/ros2_ws/build/robot_mpc_wbc_cpp_controller/test_control_algorithms" "--gtest_output=xml:/home/zanshi/robot-mpc-wbc-locomotion/ros2_ws/build/robot_mpc_wbc_cpp_controller/test_results/robot_mpc_wbc_cpp_controller/test_control_algorithms.gtest.xml"
1: Working Directory: /home/zanshi/robot-mpc-wbc-locomotion/ros2_ws/build/robot_mpc_wbc_cpp_controller
1: Test timeout computed to be: 60
1: -- run_test.py: invoking following command in '/home/zanshi/robot-mpc-wbc-locomotion/ros2_ws/build/robot_mpc_wbc_cpp_controller':
1:  - /home/zanshi/robot-mpc-wbc-locomotion/ros2_ws/build/robot_mpc_wbc_cpp_controller/test_control_algorithms --gtest_output=xml:/home/zanshi/robot-mpc-wbc-locomotion/ros2_ws/build/robot_mpc_wbc_cpp_controller/test_results/robot_mpc_wbc_cpp_controller/test_control_algorithms.gtest.xml
1: Running main() from /opt/ros/jazzy/src/gtest_vendor/src/gtest_main.cc
1: [==========] Running 3 tests from 3 test suites.
1: [----------] Global test environment set-up.
1: [----------] 1 test from GaitSchedulerTest
1: [ RUN      ] GaitSchedulerTest.AlternatesTrotContacts
1: [       OK ] GaitSchedulerTest.AlternatesTrotContacts (0 ms)
1: [----------] 1 test from GaitSchedulerTest (0 ms total)
1: 
1: [----------] 1 test from SwingTrajectoryTest
1: [ RUN      ] SwingTrajectoryTest.GeneratesLiftedMidpoint
1: [       OK ] SwingTrajectoryTest.GeneratesLiftedMidpoint (0 ms)
1: [----------] 1 test from SwingTrajectoryTest (0 ms total)
1: 
1: [----------] 1 test from TorqueSafetyFilterTest
1: [ RUN      ] TorqueSafetyFilterTest.ClampsAndRejectsInvalidTorque
1: [       OK ] TorqueSafetyFilterTest.ClampsAndRejectsInvalidTorque (0 ms)
1: [----------] 1 test from TorqueSafetyFilterTest (0 ms total)
1: 
1: [----------] Global test environment tear-down
1: [==========] 3 tests from 3 test suites ran. (0 ms total)
1: [  PASSED  ] 3 tests.
1: -- run_test.py: return code 0
1: -- run_test.py: inject classname prefix into gtest result file '/home/zanshi/robot-mpc-wbc-locomotion/ros2_ws/build/robot_mpc_wbc_cpp_controller/test_results/robot_mpc_wbc_cpp_controller/test_control_algorithms.gtest.xml'
1: -- run_test.py: verify result file '/home/zanshi/robot-mpc-wbc-locomotion/ros2_ws/build/robot_mpc_wbc_cpp_controller/test_results/robot_mpc_wbc_cpp_controller/test_control_algorithms.gtest.xml'
1/2 Test #1: test_control_algorithms ..........   Passed    0.04 sec
test 2
    Start 2: test_contact_force_qp

2: Test command: /usr/bin/python3 "-u" "/opt/ros/jazzy/share/ament_cmake_test/cmake/run_test.py" "/home/zanshi/robot-mpc-wbc-locomotion/ros2_ws/build/robot_mpc_wbc_cpp_controller/test_results/robot_mpc_wbc_cpp_controller/test_contact_force_qp.gtest.xml" "--package-name" "robot_mpc_wbc_cpp_controller" "--output-file" "/home/zanshi/robot-mpc-wbc-locomotion/ros2_ws/build/robot_mpc_wbc_cpp_controller/ament_cmake_gtest/test_contact_force_qp.txt" "--command" "/home/zanshi/robot-mpc-wbc-locomotion/ros2_ws/build/robot_mpc_wbc_cpp_controller/test_contact_force_qp" "--gtest_output=xml:/home/zanshi/robot-mpc-wbc-locomotion/ros2_ws/build/robot_mpc_wbc_cpp_controller/test_results/robot_mpc_wbc_cpp_controller/test_contact_force_qp.gtest.xml"
2: Working Directory: /home/zanshi/robot-mpc-wbc-locomotion/ros2_ws/build/robot_mpc_wbc_cpp_controller
2: Test timeout computed to be: 60
2: -- run_test.py: invoking following command in '/home/zanshi/robot-mpc-wbc-locomotion/ros2_ws/build/robot_mpc_wbc_cpp_controller':
2:  - /home/zanshi/robot-mpc-wbc-locomotion/ros2_ws/build/robot_mpc_wbc_cpp_controller/test_contact_force_qp --gtest_output=xml:/home/zanshi/robot-mpc-wbc-locomotion/ros2_ws/build/robot_mpc_wbc_cpp_controller/test_results/robot_mpc_wbc_cpp_controller/test_contact_force_qp.gtest.xml
2: Running main() from /opt/ros/jazzy/src/gtest_vendor/src/gtest_main.cc
2: [==========] Running 4 tests from 1 test suite.
2: [----------] Global test environment set-up.
2: [----------] 4 tests from ContactForceQpTest
2: [ RUN      ] ContactForceQpTest.FourStanceHoverForceMatchesWeight
2: [       OK ] ContactForceQpTest.FourStanceHoverForceMatchesWeight (0 ms)
2: [ RUN      ] ContactForceQpTest.SwingLegForcesAreZeroInTrotContactMode
2: [       OK ] ContactForceQpTest.SwingLegForcesAreZeroInTrotContactMode (0 ms)
2: [ RUN      ] ContactForceQpTest.LargeTangentialDemandIsProjectedIntoFrictionPyramid
2: [       OK ] ContactForceQpTest.LargeTangentialDemandIsProjectedIntoFrictionPyramid (0 ms)
2: [ RUN      ] ContactForceQpTest.NoActiveContactFailsSafely
2: [       OK ] ContactForceQpTest.NoActiveContactFailsSafely (0 ms)
2: [----------] 4 tests from ContactForceQpTest (0 ms total)
2: 
2: [----------] Global test environment tear-down
2: [==========] 4 tests from 1 test suite ran. (0 ms total)
2: [  PASSED  ] 4 tests.
2: -- run_test.py: return code 0
2: -- run_test.py: inject classname prefix into gtest result file '/home/zanshi/robot-mpc-wbc-locomotion/ros2_ws/build/robot_mpc_wbc_cpp_controller/test_results/robot_mpc_wbc_cpp_controller/test_contact_force_qp.gtest.xml'
2: -- run_test.py: verify result file '/home/zanshi/robot-mpc-wbc-locomotion/ros2_ws/build/robot_mpc_wbc_cpp_controller/test_results/robot_mpc_wbc_cpp_controller/test_contact_force_qp.gtest.xml'
2/2 Test #2: test_contact_force_qp ............   Passed    0.04 sec

100% tests passed, 0 tests failed out of 2

Label Time Summary:
gtest    =   0.09 sec*proc (2 tests)

Total Test time (real) =   0.09 sec
Finished <<< robot_mpc_wbc_cpp_controller [0.12s]

Summary: 1 package finished [0.20s]

[3/3] colcon test-result
Summary: 9 tests, 0 errors, 0 failures, 0 skipped

stage15_1_result: pass
[PASS] Stage 15.1 ROS2 C++ controller validation
[PASS] Stage 15.1 ROS2 C++ controller validation

========== Generated result artifacts ==========
results/logs_sample/stage14_4_base_velocity_tracking_mpc_rollout.csv
results/logs_sample/stage14_4_base_velocity_tracking_mpc_summary.json
results/logs_sample/stage14_4b_base_velocity_tracking_mpc_validation.csv
results/logs_sample/stage14_4b_base_velocity_tracking_mpc_validation_summary.json
results/logs_sample/stage14_4c_mpc_scope_explanation_checks.csv
results/logs_sample/stage14_4c_mpc_scope_explanation_summary.json
results/logs_sample/stage14_4d_document_language_audit.csv
results/logs_sample/stage14_4d_document_language_audit_summary.json
results/logs_sample/stage14_4e_entry_docs_checks.csv
results/logs_sample/stage14_4e_entry_docs_update_summary.json
results/logs_sample/stage14_4e_entry_docs_validation_summary.json
results/logs_sample/stage15_10_mujoco_torque_smoke_policy_comparison.csv
results/logs_sample/stage15_10_mujoco_torque_smoke_policy_comparison.log
results/logs_sample/stage15_10_mujoco_torque_smoke_policy_comparison_summary.json
results/logs_sample/stage15_10_mujoco_torque_smoke_policy_comparison_validation.csv
results/logs_sample/stage15_10_mujoco_torque_smoke_policy_comparison_validation_summary.json
results/logs_sample/stage15_11_stage15_summary_report.csv
results/logs_sample/stage15_11_stage15_summary_report.json
results/logs_sample/stage15_11_stage15_summary_report.log
results/logs_sample/stage15_11_stage15_summary_report_validation.csv
results/logs_sample/stage15_11_stage15_summary_report_validation_summary.json
results/logs_sample/stage15_1_ros2_cpp_controller_test.log
results/logs_sample/stage15_2_contact_force_qp_cpp_test.log
results/logs_sample/stage15_2_repo_hygiene_audit.log
results/logs_sample/stage15_3_contact_force_candidate_rollout.csv
results/logs_sample/stage15_3_contact_force_candidate_rollout.log
results/logs_sample/stage15_3_contact_force_candidate_rollout_summary.json
results/logs_sample/stage15_3_contact_force_candidate_rollout_validation.csv
results/logs_sample/stage15_3_contact_force_candidate_rollout_validation_summary.json
results/logs_sample/stage15_3_reproduce_core_results.log
results/logs_sample/stage15_3_reproduce_core_results_summary.txt

========== Final summary ==========
stage15_3_reproduce_core_results
repo_root: /home/zanshi/robot-mpc-wbc-locomotion
git_head: 2962976
git_branch: main
[PASS] Stage 15.2 repo hygiene audit
[PASS] Stage 14.4 base velocity tracking MPC demo
[PASS] Stage 14.4b validate base velocity MPC rollout
[PASS] Stage 15.1 ROS2 C++ controller validation
stage15_3_result: pass
stage15_3_result: pass
