[Stage 15.4] Pinocchio Jacobian candidate rollout validation
repo_root: /home/zanshi/robot-mpc-wbc-locomotion
python: /usr/bin/python3
timestamp_utc: 2026-06-18T02:19:40Z

[1/2] Generate Pinocchio Jacobian candidate rollout
{
  "alpha_results": {
    "0p0": {
      "alpha": 0.0,
      "max_tau_scaled_abs": 0.0,
      "max_tau_scaled_delta_abs": 0.0,
      "pass": true,
      "torque_limit": 23.7
    },
    "0p02": {
      "alpha": 0.02,
      "max_tau_scaled_abs": 0.21015075515197082,
      "max_tau_scaled_delta_abs": 0.21015075515197082,
      "pass": true,
      "torque_limit": 23.7
    },
    "0p05": {
      "alpha": 0.05,
      "max_tau_scaled_abs": 0.5253768878799271,
      "max_tau_scaled_delta_abs": 0.5253768878799271,
      "pass": true,
      "torque_limit": 23.7
    },
    "0p1": {
      "alpha": 0.1,
      "max_tau_scaled_abs": 1.0507537757598542,
      "max_tau_scaled_delta_abs": 1.0507537757598542,
      "pass": true,
      "torque_limit": 23.7
    },
    "0p2": {
      "alpha": 0.2,
      "max_tau_scaled_abs": 2.1015075515197084,
      "max_tau_scaled_delta_abs": 2.1015075515197084,
      "pass": true,
      "torque_limit": 23.7
    }
  },
  "config": {
    "ax_limit": 1.5,
    "az_limit": 2.0,
    "dt": 0.02,
    "finite_difference_eps": 1e-07,
    "fz_max": 120.0,
    "fz_min": 5.0,
    "gait_half_period_steps": 200,
    "gravity": 9.81,
    "lower_leg_length": 0.213,
    "mass": 12.7434,
    "mu": 0.6,
    "target_vx": 0.3,
    "target_z": 0.3,
    "torque_limit": 23.7,
    "total_steps": 2400,
    "upper_leg_length": 0.213,
    "vx_kp": 2.0,
    "z_kd": 4.0,
    "z_kp": 20.0
  },
  "contact_modes": [
    "FL_RR",
    "FR_RL"
  ],
  "description": "Pinocchio Jacobian based contact-force-to-torque candidate rollout",
  "failed_checks": [],
  "final_vx": 0.2999999999999993,
  "final_vx_error_abs": 6.661338147750939e-16,
  "final_z": 0.30000000000000004,
  "final_z_error_abs": 5.551115123125783e-17,
  "foot_jacobian_norms": [
    0.36531834622374115,
    0.36531834622374115,
    0.3653183464492369,
    0.3653183464492369
  ],
  "frozen_mixed_baseline_modified": false,
  "hardware_deployment_completed": false,
  "max_abs_z_error": 0.019999999999999962,
  "max_friction_violation": 0.0,
  "max_normal_force_violation": 0.0,
  "max_stance_fz": 65.05505699999999,
  "max_swing_force_norm": 0.0,
  "max_tau_candidate_abs": 10.507537757598541,
  "max_tau_candidate_delta_abs": 10.507537757598541,
  "min_stance_fz": 61.56320878322811,
  "mixed_baseline_modified": false,
  "mujoco_torque_used": false,
  "pass": true,
  "pinocchio_imported": true,
  "pinocchio_jacobian_used": true,
  "pinocchio_model_nq": 12,
  "pinocchio_model_nv": 12,
  "pinocchio_model_source": "synthetic_go1_like_12dof_kinematic_audit_model",
  "real_go1_urdf_used": false,
  "real_robot_torque_execution_completed": false,
  "rollout_csv": "results/logs_sample/stage15_4_pinocchio_jacobian_candidate_rollout.csv",
  "ros_publisher_used": false,
  "simulation_only_project": true,
  "stage": "15.4",
  "summary_json": "results/logs_sample/stage15_4_pinocchio_jacobian_candidate_rollout_summary.json",
  "synthetic_kinematic_model": true,
  "torque_enable_ready": false,
  "torque_publisher_enabled": false,
  "total_steps": 2400,
  "validated_candidate_scale_max_simulation_only": 0.2
}

[2/2] Validate rollout
{
  "description": "independent validation for Stage 15.4 Pinocchio Jacobian candidate rollout",
  "failed_checks": [],
  "final_vx_error_abs": 6.661338147750939e-16,
  "final_z_error_abs": 5.551115123125783e-17,
  "frozen_mixed_baseline_modified": false,
  "hardware_deployment_completed": false,
  "input_rollout_csv": "results/logs_sample/stage15_4_pinocchio_jacobian_candidate_rollout.csv",
  "input_summary_json": "results/logs_sample/stage15_4_pinocchio_jacobian_candidate_rollout_summary.json",
  "max_friction_violation": 0.0,
  "max_normal_force_violation": 0.0,
  "max_swing_force_norm": 0.0,
  "max_tau_scaled_abs": 2.1015075515197084,
  "missing_columns": [],
  "mixed_baseline_modified": false,
  "mujoco_torque_used": false,
  "pass": true,
  "pinocchio_jacobian_used": true,
  "real_go1_urdf_used": false,
  "real_robot_torque_execution_completed": false,
  "ros_publisher_used": false,
  "rows": 2400,
  "simulation_only_project": true,
  "source_missing_contract_snippets": [],
  "stage": "15.4_validation",
  "synthetic_kinematic_model": true,
  "torque_enable_ready": false,
  "torque_publisher_enabled": false,
  "validated_candidate_scale_max_simulation_only": 0.2,
  "validation_csv": "results/logs_sample/stage15_4_pinocchio_jacobian_candidate_rollout_validation.csv",
  "validation_summary_json": "results/logs_sample/stage15_4_pinocchio_jacobian_candidate_rollout_validation_summary.json"
}

stage15_4_result: pass
